
> siget-csh@0.0.1 build D:\Documentos\Proyectos_2025\00Humanitas\siget-csh
> astro build

[dotenv@17.2.3] injecting env (14) from .env -- tip: ΓÜÖ∩╕Å  specify custom .env file path with { path: '/custom/path/.env' }
[2m16:54:48[22m [34m[@astrojs/node][39m Enabling sessions with filesystem storage
[2m16:54:48[22m [34m[content][39m Syncing content
[2m16:54:48[22m [34m[content][39m Synced content
[2m16:54:48[22m [34m[types][39m Generated [2m45ms[22m
[2m16:54:48[22m [34m[build][39m output: [34m"server"[39m
[2m16:54:48[22m [34m[build][39m mode: [34m"server"[39m
[2m16:54:48[22m [34m[build][39m directory: [34mD:\Documentos\Proyectos_2025\00Humanitas\siget-csh\dist\[39m
[2m16:54:48[22m [34m[build][39m adapter: [32m@astrojs/node[39m
[2m16:54:48[22m [34m[build][39m Collecting build info...
[2m16:54:48[22m [34m[build][39m [32mΓ£ô Completed in 105ms.[39m
[2m16:54:48[22m [34m[build][39m Building server entrypoints...
node.exe : [31m[1m16:54:50[22m [ERROR] [vite][39m [31mΓ£ù[39m Build failed in 1.33s
En C:\Program Files\nodejs\pnpm.ps1: 16 Carácter: 5
+     & "$basedir/node$exe"  "$basedir/node_modules/corepack/dist/pnpm. ...
+     ~~~~~~~~~~~~~~~~~~~~~~~~~~~~~~~~~~~~~~~~~~~~~~~~~~~~~~~~~~~~~~~~~
    + CategoryInfo          : NotSpecified: ([31m[1m16:54:...failed in 1.33s:String) [], RemoteException
    + FullyQualifiedErrorId : NativeCommandError
 
Found 1 warning while optimizing generated CSS:

[2mΓöé   }[22m
[2mΓöé   .h-\[var\(--\.\.\.\)\] {[22m
[2mΓöé[22m     height: var(--...);
[2mΓöå[22m                   [33m[2m^--[22m Unexpected token Delim('.')[39m
[2mΓöå[22m
[2mΓöé   }[22m
[2mΓöé   .h-full {[22m

[vite]: Rollup failed to resolve import "googleapis" from 
"D:/Documentos/Proyectos_2025/00Humanitas/siget-csh/auth.config.ts".
This is most likely unintended because it can break your application at runtime.
If you do want to externalize this module explicitly add it to
`build.rollupOptions.external`
  [1mLocation:[22m
    [4mD:\Documentos\Proyectos_2025\00Humanitas\siget-csh\node_modules\.pnpm\vite@6.4.1_@types+node@24.2_fa176cecaacac
c6bcaf3d5c6550644b7\node_modules\vite\dist\node\chunks\dep-D4NMHUTW.js:46374:15[24m
  [1mStack trace:[22m
[2m    at viteLog (file:///D:/Documentos/Proyectos_2025/00Humanitas/siget-csh/node_modules/.pnpm/vite@6.4.1_@types+nod
e@24.2_fa176cecaacacc6bcaf3d5c6550644b7/node_modules/vite/dist/node/chunks/dep-D4NMHUTW.js:46374:15)
    at onLog (file:///D:/Documentos/Proyectos_2025/00Humanitas/siget-csh/node_modules/.pnpm/vite@6.4.1_@types+node@24.2
_fa176cecaacacc6bcaf3d5c6550644b7/node_modules/vite/dist/node/chunks/dep-D4NMHUTW.js:46072:7)
    at Object.logger [as onLog] (file:///D:/Documentos/Proyectos_2025/00Humanitas/siget-csh/node_modules/.pnpm/rollup@4
.55.1/node_modules/rollup/dist/es/shared/node-entry.js:22968:9)
    at file:///D:/Documentos/Proyectos_2025/00Humanitas/siget-csh/node_modules/.pnpm/rollup@4.55.1/node_modules/rollup/
dist/es/shared/node-entry.js:21670:26[22m
ΓÇëELIFECYCLEΓÇë Command failed with exit code 1.
